2026-09-05T16:34:57.4937980-04:00 started start=2021-09-05 end_exclusive=2026-09-05 region_id=5690 region_dataset=public-eez-areas spatial_resolution=HIGH already_complete=1 dry_run=True
2026-09-05T16:34:57.5074183-04:00 would_load day=2021-09-05 retrieval_id=presence_public-eez-areas_region_5690_high__20260905T163457Z
2026-09-05T16:34:57.5094180-04:00 would_load day=2021-09-06 retrieval_id=presence_public-eez-areas_region_5690_high__20260905T163457Z
2026-09-05T16:34:57.5284358-04:00 stopped_at_max_days loaded_days_this_process=0 skipped_complete_days_this_process=0
2026-09-05T16:35:16.1357244-04:00 started start=2021-09-05 end_exclusive=2026-09-05 region_id=5690 region_dataset=public-eez-areas spatial_resolution=HIGH already_complete=1 dry_run=True
2026-09-05T16:35:16.1485528-04:00 would_load day=2021-09-05 retrieval_id=presence_public-eez-areas_region_5690_high_20210905_20260905T163516Z
2026-09-05T16:35:16.1565545-04:00 stopped_at_max_days loaded_days_this_process=0 skipped_complete_days_this_process=0
2026-09-05T16:35:52.7606532-04:00 started start=2026-08-01 end_exclusive=2026-08-02 region_id=5690 region_dataset=public-eez-areas spatial_resolution=HIGH already_complete=1 dry_run=True
2026-09-05T16:35:52.7706581-04:00 skipped_complete day=2026-08-01
2026-09-05T16:35:52.7862946-04:00 complete loaded_days_this_process=0 skipped_complete_days_this_process=1
2026-09-05T16:44:56.8953200-04:00 started start=2021-09-05 end_exclusive=2026-09-05 region_id=5690 region_dataset=public-eez-areas spatial_resolution=HIGH already_complete=1 dry_run=False
2026-09-05T16:44:56.9059367-04:00 loading day=2021-09-05 retrieval_id=presence_public-eez-areas_region_5690_high_20210905_20260905T164456Z
2026-09-05T16:46:45.9349093-04:00 loader data\silver\gfw_presence_hourly\retrieval_id=presence_public-eez-areas_region_5690_high_20210905_20260905T164456Z\region_dataset=public-eez-areas\region_id=5690\points.parquet
2026-09-05T16:47:42.7646206-04:00 started start=2021-09-05 end_exclusive=2026-09-05 region_id=5690 region_dataset=public-eez-areas spatial_resolution=HIGH already_complete=2 dry_run=False
2026-09-05T16:47:42.7756205-04:00 skipped_complete day=2021-09-05
2026-09-05T16:47:42.7807811-04:00 loading day=2021-09-06 retrieval_id=presence_public-eez-areas_region_5690_high_20210906_20260905T164742Z
2026-09-05T16:48:02.5013151-04:00 loader data\silver\gfw_presence_hourly\retrieval_id=presence_public-eez-areas_region_5690_high_20210906_20260905T164742Z\region_dataset=public-eez-areas\region_id=5690\points.parquet
2026-09-05T16:48:59.4997767-04:00 started start=2026-08-05 end_exclusive=2026-09-05 region_id=5690 region_dataset=public-eez-areas spatial_resolution=HIGH already_complete=3 dry_run=False
2026-09-05T16:48:59.5139552-04:00 loading day=2026-08-05 retrieval_id=presence_public-eez-areas_region_5690_high_20260805_20260905T164859Z
2026-09-05T16:49:32.6817622-04:00 loader data\silver\gfw_presence_hourly\retrieval_id=presence_public-eez-areas_region_5690_high_20260805_20260905T164859Z\region_dataset=public-eez-areas\region_id=5690\points.parquet
2026-09-05T16:49:32.8081426-04:00 completed day=2026-08-05 loaded_days_this_process=1
2026-09-05T16:49:33.8170961-04:00 loading day=2026-08-06 retrieval_id=presence_public-eez-areas_region_5690_high_20260806_20260905T164933Z
2026-09-05T16:50:00.5935682-04:00 loader data\silver\gfw_presence_hourly\retrieval_id=presence_public-eez-areas_region_5690_high_20260806_20260905T164933Z\region_dataset=public-eez-areas\region_id=5690\points.parquet
2026-09-05T16:50:00.6729284-04:00 completed day=2026-08-06 loaded_days_this_process=2
2026-09-05T16:50:01.6825482-04:00 loading day=2026-08-07 retrieval_id=presence_public-eez-areas_region_5690_high_20260807_20260905T165001Z
2026-09-05T16:50:31.4154541-04:00 loader data\silver\gfw_presence_hourly\retrieval_id=presence_public-eez-areas_region_5690_high_20260807_20260905T165001Z\region_dataset=public-eez-areas\region_id=5690\points.parquet
2026-09-05T16:50:31.5008860-04:00 completed day=2026-08-07 loaded_days_this_process=3
2026-09-05T16:50:32.5235544-04:00 loading day=2026-08-08 retrieval_id=presence_public-eez-areas_region_5690_high_20260808_20260905T165032Z
2026-09-05T16:50:52.4044246-04:00 loader data\silver\gfw_presence_hourly\retrieval_id=presence_public-eez-areas_region_5690_high_20260808_20260905T165032Z\region_dataset=public-eez-areas\region_id=5690\points.parquet
2026-09-05T16:50:52.4820423-04:00 completed day=2026-08-08 loaded_days_this_process=4
2026-09-05T16:50:53.4918581-04:00 loading day=2026-08-09 retrieval_id=presence_public-eez-areas_region_5690_high_20260809_20260905T165053Z
2026-09-05T16:51:09.8578884-04:00 loader data\silver\gfw_presence_hourly\retrieval_id=presence_public-eez-areas_region_5690_high_20260809_20260905T165053Z\region_dataset=public-eez-areas\region_id=5690\points.parquet
2026-09-05T16:51:09.9700806-04:00 completed day=2026-08-09 loaded_days_this_process=5
2026-09-05T16:51:10.9813767-04:00 loading day=2026-08-10 retrieval_id=presence_public-eez-areas_region_5690_high_20260810_20260905T165110Z
2026-09-05T16:51:26.5108185-04:00 loader data\silver\gfw_presence_hourly\retrieval_id=presence_public-eez-areas_region_5690_high_20260810_20260905T165110Z\region_dataset=public-eez-areas\region_id=5690\points.parquet
2026-09-05T16:51:26.5919633-04:00 completed day=2026-08-10 loaded_days_this_process=6
2026-09-05T16:51:27.5984155-04:00 loading day=2026-08-11 retrieval_id=presence_public-eez-areas_region_5690_high_20260811_20260905T165127Z
2026-09-05T16:51:51.2236428-04:00 loader data\silver\gfw_presence_hourly\retrieval_id=presence_public-eez-areas_region_5690_high_20260811_20260905T165127Z\region_dataset=public-eez-areas\region_id=5690\points.parquet
2026-09-05T16:51:51.2991443-04:00 completed day=2026-08-11 loaded_days_this_process=7
2026-09-05T16:51:52.3011961-04:00 loading day=2026-08-12 retrieval_id=presence_public-eez-areas_region_5690_high_20260812_20260905T165152Z
2026-09-05T16:52:23.5619291-04:00 loader data\silver\gfw_presence_hourly\retrieval_id=presence_public-eez-areas_region_5690_high_20260812_20260905T165152Z\region_dataset=public-eez-areas\region_id=5690\points.parquet
2026-09-05T16:52:23.6420030-04:00 completed day=2026-08-12 loaded_days_this_process=8
2026-09-05T16:52:24.6476899-04:00 loading day=2026-08-13 retrieval_id=presence_public-eez-areas_region_5690_high_20260813_20260905T165224Z
2026-09-05T16:52:42.5037076-04:00 loader data\silver\gfw_presence_hourly\retrieval_id=presence_public-eez-areas_region_5690_high_20260813_20260905T165224Z\region_dataset=public-eez-areas\region_id=5690\points.parquet
2026-09-05T16:52:42.5907349-04:00 completed day=2026-08-13 loaded_days_this_process=9
2026-09-05T16:52:43.6031034-04:00 loading day=2026-08-14 retrieval_id=presence_public-eez-areas_region_5690_high_20260814_20260905T165243Z
2026-09-05T16:53:10.5963728-04:00 loader data\silver\gfw_presence_hourly\retrieval_id=presence_public-eez-areas_region_5690_high_20260814_20260905T165243Z\region_dataset=public-eez-areas\region_id=5690\points.parquet
2026-09-05T16:53:10.6750351-04:00 completed day=2026-08-14 loaded_days_this_process=10
2026-09-05T16:53:11.6866374-04:00 loading day=2026-08-15 retrieval_id=presence_public-eez-areas_region_5690_high_20260815_20260905T165311Z
2026-09-05T16:53:34.8650072-04:00 loader data\silver\gfw_presence_hourly\retrieval_id=presence_public-eez-areas_region_5690_high_20260815_20260905T165311Z\region_dataset=public-eez-areas\region_id=5690\points.parquet
2026-09-05T16:53:34.9510937-04:00 completed day=2026-08-15 loaded_days_this_process=11
2026-09-05T16:53:35.9543192-04:00 loading day=2026-08-16 retrieval_id=presence_public-eez-areas_region_5690_high_20260816_20260905T165335Z
2026-09-05T16:54:05.7369859-04:00 loader data\silver\gfw_presence_hourly\retrieval_id=presence_public-eez-areas_region_5690_high_20260816_20260905T165335Z\region_dataset=public-eez-areas\region_id=5690\points.parquet
2026-09-05T16:54:05.8203470-04:00 completed day=2026-08-16 loaded_days_this_process=12
2026-09-05T16:54:06.8386656-04:00 loading day=2026-08-17 retrieval_id=presence_public-eez-areas_region_5690_high_20260817_20260905T165406Z
2026-09-05T16:54:35.9130451-04:00 loader data\silver\gfw_presence_hourly\retrieval_id=presence_public-eez-areas_region_5690_high_20260817_20260905T165406Z\region_dataset=public-eez-areas\region_id=5690\points.parquet
2026-09-05T16:54:36.0019834-04:00 completed day=2026-08-17 loaded_days_this_process=13
2026-09-05T16:54:37.0162148-04:00 loading day=2026-08-18 retrieval_id=presence_public-eez-areas_region_5690_high_20260818_20260905T165437Z
