C:\Users\hyper\Documents\GitHub\DNHacks_2026\background\.venv-atlantes\Lib\site-packages\pandera\_pandas_deprecated.py:155: FutureWarning: Importing pandas-specific classes and functions from the
top-level pandera module will be **removed in a future version of pandera**.
If you're using pandera to validate pandas objects, we highly recommend updating
your import:

```
# old import
import pandera as pa

# new import
import pandera.pandas as pa
```

If you're using pandera to validate objects from other compatible libraries
like pyspark or polars, see the supported libraries section of the documentation
for more information on how to import pandera:

https://pandera.readthedocs.io/en/stable/supported_libraries.html

To disable this warning, set the environment variable:

```
export DISABLE_PANDERA_IMPORT_WARNING=True
```

  warnings.warn(_future_warning, FutureWarning)
C:\Users\hyper\Documents\GitHub\DNHacks_2026\background\.venv-atlantes\Lib\site-packages\torch\jit\_script.py:1491: FutureWarning: `torch.jit.script` is deprecated. Please switch to `torch.compile` or `torch.export`.
  warnings.warn(
C:\Users\hyper\Documents\GitHub\DNHacks_2026\background\.venv-atlantes\Lib\site-packages\torch\nn\modules\transformer.py:533: UserWarning: The PyTorch API of nested tensors is in prototype stage and will change in the near future. We recommend specifying layout=torch.jagged when constructing a nested tensor, as this layout receives active development, has better operator coverage, and works with torch.compile. (Triggered internally at C:\actions-runner\_work\pytorch\pytorch\aten\src\ATen\NestedTensorImpl.cpp:181.)
  output = torch._nested_tensor_from_mask(
