Collecting pandas
  Using cached pandas-3.0.5-cp313-cp313-win_amd64.whl.metadata (19 kB)
Collecting pyarrow
  Using cached pyarrow-25.0.1-cp313-cp313-win_amd64.whl.metadata (3.0 kB)
Collecting numpy
  Using cached numpy-2.5.2-cp313-cp313-win_amd64.whl.metadata (6.6 kB)
Collecting pandera
  Using cached pandera-0.33.1-py3-none-any.whl.metadata (11 kB)
Collecting pydantic
  Using cached pydantic-2.13.5-py3-none-any.whl.metadata (110 kB)
Collecting pyyaml
  Using cached pyyaml-6.0.3-cp313-cp313-win_amd64.whl.metadata (2.4 kB)
Collecting shapely
  Using cached shapely-2.1.2-cp313-cp313-win_amd64.whl.metadata (7.1 kB)
Collecting spatialpandas
  Using cached spatialpandas-0.5.0-py3-none-any.whl.metadata (3.9 kB)
Collecting dask
  Using cached dask-2026.8.0-py3-none-any.whl.metadata (3.8 kB)
Collecting matplotlib
  Using cached matplotlib-3.11.1-cp313-cp313-win_amd64.whl.metadata (80 kB)
Collecting seaborn
  Using cached seaborn-0.13.2-py3-none-any.whl.metadata (5.4 kB)
Collecting pillow
  Using cached pillow-12.3.0-cp313-cp313-win_amd64.whl.metadata (9.3 kB)
Collecting scikit-learn
  Using cached scikit_learn-1.9.0-cp313-cp313-win_amd64.whl.metadata (11 kB)
Collecting suncalc
  Using cached suncalc-0.1.3.tar.gz (13 kB)
  Installing build dependencies: started
  Installing build dependencies: finished with status 'done'
  Getting requirements to build wheel: started
  Getting requirements to build wheel: finished with status 'done'
  Preparing metadata (pyproject.toml): started
  Preparing metadata (pyproject.toml): finished with status 'done'
Collecting cartopy
  Using cached cartopy-0.25.0-cp313-cp313-win_amd64.whl.metadata (6.3 kB)
Collecting contextily
  Using cached contextily-1.7.1-py3-none-any.whl.metadata (3.1 kB)
Collecting geopandas
  Using cached geopandas-1.1.4-py3-none-any.whl.metadata (2.3 kB)
Collecting netCDF4
  Using cached netcdf4-1.7.4-cp311-abi3-win_amd64.whl.metadata (2.1 kB)
Collecting pyproj
  Using cached pyproj-3.8.0-cp313-cp313-win_amd64.whl.metadata (40 kB)
Collecting google-cloud-storage
  Using cached google_cloud_storage-3.13.1-py3-none-any.whl.metadata (14 kB)
Collecting gitpython
  Using cached gitpython-3.1.61-py3-none-any.whl.metadata (13 kB)
Collecting click
  Using cached click-8.5.0-py3-none-any.whl.metadata (2.6 kB)
Collecting tqdm
  Using cached tqdm-4.70.0-py3-none-any.whl.metadata (57 kB)
Collecting wandb
  Using cached wandb-0.29.0-py3-none-win_amd64.whl.metadata (11 kB)
Collecting python-dateutil>=2.8.2 (from pandas)
  Using cached python_dateutil-2.9.0.post0-py2.py3-none-any.whl.metadata (8.4 kB)
Collecting tzdata (from pandas)
  Using cached tzdata-2026.3-py2.py3-none-any.whl.metadata (1.4 kB)
Collecting packaging>=20.0 (from pandera)
  Using cached packaging-26.3-py3-none-any.whl.metadata (3.5 kB)
Collecting typeguard (from pandera)
  Using cached typeguard-4.6.0-py3-none-any.whl.metadata (3.7 kB)
Requirement already satisfied: typing_extensions in .\background\.venv-atlantes\Lib\site-packages (from pandera) (4.16.0)
Collecting typing_inspect>=0.6.0 (from pandera)
  Using cached typing_inspect-0.9.0-py3-none-any.whl.metadata (1.5 kB)
Collecting annotated-types>=0.6.0 (from pydantic)
  Using cached annotated_types-0.8.0-py3-none-any.whl.metadata (15 kB)
Collecting pydantic-core==2.46.5 (from pydantic)
  Using cached pydantic_core-2.46.5-cp313-cp313-win_amd64.whl.metadata (6.7 kB)
Collecting typing-inspection>=0.4.2 (from pydantic)
  Using cached typing_inspection-0.4.4-py3-none-any.whl.metadata (2.6 kB)
Requirement already satisfied: fsspec>=2022.8 in .\background\.venv-atlantes\Lib\site-packages (from spatialpandas) (2026.7.0)
Collecting numba (from spatialpandas)
  Using cached numba-0.67.0-cp313-cp313-win_amd64.whl.metadata (2.8 kB)
Collecting retrying (from spatialpandas)
  Using cached retrying-1.4.2-py3-none-any.whl.metadata (5.5 kB)
Collecting cloudpickle>=3.0.0 (from dask)
  Using cached cloudpickle-3.1.2-py3-none-any.whl.metadata (7.1 kB)
Collecting partd>=1.4.0 (from dask)
  Using cached partd-1.4.2-py3-none-any.whl.metadata (4.6 kB)
Collecting toolz>=0.12.0 (from dask)
  Using cached toolz-1.1.0-py3-none-any.whl.metadata (5.1 kB)
Collecting distributed<2026.8.1,>=2026.8.0 (from dask[distributed])
  Using cached distributed-2026.8.0-py3-none-any.whl.metadata (3.4 kB)
Requirement already satisfied: jinja2>=2.10.3 in .\background\.venv-atlantes\Lib\site-packages (from distributed<2026.8.1,>=2026.8.0->dask[distributed]) (3.1.6)
Collecting locket>=1.0.0 (from distributed<2026.8.1,>=2026.8.0->dask[distributed])
  Using cached locket-1.0.0-py2.py3-none-any.whl.metadata (2.8 kB)
Collecting msgpack>=1.0.2 (from distributed<2026.8.1,>=2026.8.0->dask[distributed])
  Using cached msgpack-1.2.2-cp313-cp313-win_amd64.whl.metadata (8.5 kB)
Collecting psutil>=5.8.0 (from distributed<2026.8.1,>=2026.8.0->dask[distributed])
  Using cached psutil-7.2.2-cp37-abi3-win_amd64.whl.metadata (22 kB)
Collecting sortedcontainers>=2.0.5 (from distributed<2026.8.1,>=2026.8.0->dask[distributed])
  Using cached sortedcontainers-2.4.0-py2.py3-none-any.whl.metadata (10 kB)
Collecting tblib!=3.2.0,!=3.2.1,>=1.6.0 (from distributed<2026.8.1,>=2026.8.0->dask[distributed])
  Using cached tblib-3.2.2-py3-none-any.whl.metadata (27 kB)
Collecting tornado>=6.2.0 (from distributed<2026.8.1,>=2026.8.0->dask[distributed])
  Using cached tornado-6.5.8-cp39-abi3-win_amd64.whl.metadata (2.9 kB)
Collecting zict>=3.0.0 (from distributed<2026.8.1,>=2026.8.0->dask[distributed])
  Using cached zict-3.0.0-py2.py3-none-any.whl.metadata (899 bytes)
Collecting contourpy>=1.0.1 (from matplotlib)
  Using cached contourpy-1.3.3-cp313-cp313-win_amd64.whl.metadata (5.5 kB)
Collecting cycler>=0.10 (from matplotlib)
  Using cached cycler-0.12.1-py3-none-any.whl.metadata (3.8 kB)
Collecting fonttools>=4.28.2 (from matplotlib)
  Using cached fonttools-4.64.0-cp313-cp313-win_amd64.whl.metadata (126 kB)
Collecting kiwisolver>=1.3.1 (from matplotlib)
  Using cached kiwisolver-1.5.1-cp313-cp313-win_amd64.whl.metadata (5.2 kB)
Collecting pyparsing>=3 (from matplotlib)
  Using cached pyparsing-3.3.2-py3-none-any.whl.metadata (5.8 kB)
Collecting scipy>=1.10.0 (from scikit-learn)
  Using cached scipy-1.18.1-cp313-cp313-win_amd64.whl.metadata (61 kB)
Collecting joblib>=1.4.0 (from scikit-learn)
  Using cached joblib-1.6.0-py3-none-any.whl.metadata (6.5 kB)
Collecting narwhals>=2.0.1 (from scikit-learn)
  Using cached narwhals-2.25.0-py3-none-any.whl.metadata (15 kB)
Collecting threadpoolctl>=3.5.0 (from scikit-learn)
  Using cached threadpoolctl-3.6.0-py3-none-any.whl.metadata (13 kB)
Collecting pyshp>=2.3 (from cartopy)
  Using cached pyshp-3.1.6-py3-none-any.whl.metadata (79 kB)
Collecting geopy (from contextily)
  Using cached geopy-2.5.0-py3-none-any.whl.metadata (7.1 kB)
Collecting mercantile (from contextily)
  Using cached mercantile-1.2.1-py3-none-any.whl.metadata (4.8 kB)
Collecting rasterio (from contextily)
  Using cached rasterio-1.5.1-cp313-cp313-win_amd64.whl.metadata (8.9 kB)
Collecting requests (from contextily)
  Using cached requests-2.34.2-py3-none-any.whl.metadata (4.8 kB)
Collecting xyzservices (from contextily)
  Using cached xyzservices-2026.9.1-py3-none-any.whl.metadata (4.1 kB)
Collecting pyogrio>=0.7.2 (from geopandas)
  Using cached pyogrio-0.13.0-cp311-abi3-win_amd64.whl.metadata (6.0 kB)
Collecting cftime (from netCDF4)
  Using cached cftime-1.6.5-cp313-cp313-win_amd64.whl.metadata (8.8 kB)
Collecting certifi (from netCDF4)
  Using cached certifi-2026.7.22-py3-none-any.whl.metadata (2.5 kB)
Collecting google-auth<3.0.0,>=2.26.1 (from google-cloud-storage)
  Using cached google_auth-2.57.1-py3-none-any.whl.metadata (6.0 kB)
Collecting google-api-core<3.0.0,>=2.27.0 (from google-cloud-storage)
  Using cached google_api_core-2.36.0-py3-none-any.whl.metadata (3.2 kB)
Collecting google-cloud-core<3.0.0,>=2.4.2 (from google-cloud-storage)
  Using cached google_cloud_core-2.7.0-py3-none-any.whl.metadata (2.8 kB)
Collecting google-resumable-media<3.0.0,>=2.7.2 (from google-cloud-storage)
  Using cached google_resumable_media-2.10.2-py3-none-any.whl.metadata (2.2 kB)
Collecting google-crc32c<2.0.0,>=1.6.0 (from google-cloud-storage)
  Using cached google_crc32c-1.8.0-cp313-cp313-win_amd64.whl.metadata (1.8 kB)
Collecting googleapis-common-protos<2.0.0,>=1.69.2 (from google-api-core<3.0.0,>=2.27.0->google-cloud-storage)
  Using cached googleapis_common_protos-1.75.3-py3-none-any.whl.metadata (8.5 kB)
Collecting protobuf<8.0.0,>=6.33.5 (from google-api-core<3.0.0,>=2.27.0->google-cloud-storage)
  Using cached protobuf-7.36.1-cp310-abi3-win_amd64.whl.metadata (595 bytes)
Collecting proto-plus<2.0.0,>=1.26.1 (from google-api-core<3.0.0,>=2.27.0->google-cloud-storage)
  Using cached proto_plus-1.28.4-py3-none-any.whl.metadata (2.2 kB)
Collecting opentelemetry-api<2.0.0,>=1.44.0 (from google-api-core<3.0.0,>=2.27.0->google-cloud-storage)
  Using cached opentelemetry_api-1.44.0-py3-none-any.whl.metadata (1.4 kB)
Collecting pyasn1-modules>=0.2.1 (from google-auth<3.0.0,>=2.26.1->google-cloud-storage)
  Using cached pyasn1_modules-0.4.2-py3-none-any.whl.metadata (3.5 kB)
Collecting cryptography>=38.0.3 (from google-auth<3.0.0,>=2.26.1->google-cloud-storage)
  Using cached cryptography-50.0.1-cp311-abi3-win_amd64.whl.metadata (4.3 kB)
Collecting charset_normalizer<4,>=2 (from requests->contextily)
  Using cached charset_normalizer-3.5.1-cp313-cp313-win_amd64.whl.metadata (46 kB)
Collecting idna<4,>=2.5 (from requests->contextily)
  Using cached idna-3.19-py3-none-any.whl.metadata (9.2 kB)
Collecting urllib3<3,>=1.26 (from requests->contextily)
  Using cached urllib3-2.7.0-py3-none-any.whl.metadata (6.9 kB)
Collecting gitdb<5,>=4.0.1 (from gitpython)
  Using cached gitdb-4.0.12-py3-none-any.whl.metadata (1.2 kB)
Collecting smmap<6,>=3.0.1 (from gitdb<5,>=4.0.1->gitpython)
  Using cached smmap-5.0.3-py3-none-any.whl.metadata (4.6 kB)
Collecting colorama (from tqdm)
  Using cached colorama-0.4.6-py2.py3-none-any.whl.metadata (17 kB)
Collecting platformdirs (from wandb)
  Using cached platformdirs-4.11.7-py3-none-any.whl.metadata (5.5 kB)
Collecting sentry-sdk>=2.0.0 (from wandb)
  Using cached sentry_sdk-2.68.1-py3-none-any.whl.metadata (11 kB)
Collecting xxhash>=3.0.0 (from wandb)
  Using cached xxhash-4.0.1-cp313-cp313-win_amd64.whl.metadata (18 kB)
Collecting cffi>=2.0.0 (from cryptography>=38.0.3->google-auth<3.0.0,>=2.26.1->google-cloud-storage)
  Using cached cffi-2.1.1-cp313-cp313-win_amd64.whl.metadata (2.6 kB)
Collecting pycparser (from cffi>=2.0.0->cryptography>=38.0.3->google-auth<3.0.0,>=2.26.1->google-cloud-storage)
  Using cached pycparser-3.0-py3-none-any.whl.metadata (8.2 kB)
Requirement already satisfied: MarkupSafe>=2.0 in .\background\.venv-atlantes\Lib\site-packages (from jinja2>=2.10.3->distributed<2026.8.1,>=2026.8.0->dask[distributed]) (3.0.3)
Collecting pyasn1<0.7.0,>=0.6.1 (from pyasn1-modules>=0.2.1->google-auth<3.0.0,>=2.26.1->google-cloud-storage)
  Using cached pyasn1-0.6.4-py3-none-any.whl.metadata (8.4 kB)
Collecting six>=1.5 (from python-dateutil>=2.8.2->pandas)
  Using cached six-1.17.0-py2.py3-none-any.whl.metadata (1.7 kB)
Collecting mypy-extensions>=0.3.0 (from typing_inspect>=0.6.0->pandera)
  Using cached mypy_extensions-1.1.0-py3-none-any.whl.metadata (1.1 kB)
Collecting geographiclib<3,>=1.52 (from geopy->contextily)
  Using cached geographiclib-2.1-py3-none-any.whl.metadata (1.6 kB)
Collecting llvmlite<0.50,>=0.49.0dev0 (from numba->spatialpandas)
  Using cached llvmlite-0.49.0-cp313-cp313-win_amd64.whl.metadata (5.2 kB)
Collecting affine (from rasterio->contextily)
  Using cached affine-3.0.1-py3-none-any.whl.metadata (4.5 kB)
Collecting attrs (from rasterio->contextily)
  Using cached attrs-26.1.0-py3-none-any.whl.metadata (8.8 kB)
Using cached pandas-3.0.5-cp313-cp313-win_amd64.whl (9.8 MB)
Using cached pyarrow-25.0.1-cp313-cp313-win_amd64.whl (27.9 MB)
Using cached numpy-2.5.2-cp313-cp313-win_amd64.whl (12.5 MB)
Using cached pandera-0.33.1-py3-none-any.whl (501 kB)
Using cached pydantic-2.13.5-py3-none-any.whl (472 kB)
Using cached pydantic_core-2.46.5-cp313-cp313-win_amd64.whl (2.0 MB)
Using cached pyyaml-6.0.3-cp313-cp313-win_amd64.whl (154 kB)
Using cached shapely-2.1.2-cp313-cp313-win_amd64.whl (1.7 MB)
Using cached spatialpandas-0.5.0-py3-none-any.whl (127 kB)
Using cached dask-2026.8.0-py3-none-any.whl (1.5 MB)
Using cached distributed-2026.8.0-py3-none-any.whl (1.0 MB)
Using cached matplotlib-3.11.1-cp313-cp313-win_amd64.whl (9.3 MB)
Using cached seaborn-0.13.2-py3-none-any.whl (294 kB)
Using cached pillow-12.3.0-cp313-cp313-win_amd64.whl (7.2 MB)
Downloading scikit_learn-1.9.0-cp313-cp313-win_amd64.whl (8.2 MB)
   ---------------------------------------- 8.2/8.2 MB 800.7 kB/s  0:00:10
Downloading cartopy-0.25.0-cp313-cp313-win_amd64.whl (11.0 MB)
   ---------------------------------------- 11.0/11.0 MB 856.9 kB/s  0:00:12
Using cached contextily-1.7.1-py3-none-any.whl (18 kB)
Using cached geopandas-1.1.4-py3-none-any.whl (343 kB)
Downloading netcdf4-1.7.4-cp311-abi3-win_amd64.whl (21.3 MB)
   ---------------------------------------- 21.3/21.3 MB 820.1 kB/s  0:00:26
Downloading pyproj-3.8.0-cp313-cp313-win_amd64.whl (6.7 MB)
   ---------------------------------------- 6.7/6.7 MB 821.3 kB/s  0:00:08
Downloading google_cloud_storage-3.13.1-py3-none-any.whl (341 kB)
Downloading google_api_core-2.36.0-py3-none-any.whl (184 kB)
Downloading google_auth-2.57.1-py3-none-any.whl (259 kB)
Downloading google_cloud_core-2.7.0-py3-none-any.whl (31 kB)
Downloading google_crc32c-1.8.0-cp313-cp313-win_amd64.whl (34 kB)
Downloading google_resumable_media-2.10.2-py3-none-any.whl (81 kB)
Downloading googleapis_common_protos-1.75.3-py3-none-any.whl (306 kB)
Downloading opentelemetry_api-1.44.0-py3-none-any.whl (60 kB)
Downloading proto_plus-1.28.4-py3-none-any.whl (50 kB)
Downloading protobuf-7.36.1-cp310-abi3-win_amd64.whl (456 kB)
Using cached requests-2.34.2-py3-none-any.whl (73 kB)
Downloading charset_normalizer-3.5.1-cp313-cp313-win_amd64.whl (199 kB)
Using cached idna-3.19-py3-none-any.whl (68 kB)
Using cached urllib3-2.7.0-py3-none-any.whl (131 kB)
Downloading gitpython-3.1.61-py3-none-any.whl (222 kB)
Using cached gitdb-4.0.12-py3-none-any.whl (62 kB)
Using cached smmap-5.0.3-py3-none-any.whl (24 kB)
Downloading click-8.5.0-py3-none-any.whl (125 kB)
Using cached tqdm-4.70.0-py3-none-any.whl (80 kB)
Downloading wandb-0.29.0-py3-none-win_amd64.whl (27.0 MB)
   ---------------------------------------- 27.0/27.0 MB 802.3 kB/s  0:00:33
Using cached annotated_types-0.8.0-py3-none-any.whl (13 kB)
Using cached certifi-2026.7.22-py3-none-any.whl (136 kB)
Downloading cloudpickle-3.1.2-py3-none-any.whl (22 kB)
Downloading contourpy-1.3.3-cp313-cp313-win_amd64.whl (226 kB)
Downloading cryptography-50.0.1-cp311-abi3-win_amd64.whl (3.8 MB)
   ---------------------------------------- 3.8/3.8 MB 842.4 kB/s  0:00:04
Downloading cffi-2.1.1-cp313-cp313-win_amd64.whl (185 kB)
Using cached cycler-0.12.1-py3-none-any.whl (8.3 kB)
Downloading fonttools-4.64.0-cp313-cp313-win_amd64.whl (2.5 MB)
   ---------------------------------------- 2.5/2.5 MB 678.1 kB/s  0:00:03
Downloading joblib-1.6.0-py3-none-any.whl (306 kB)
Downloading kiwisolver-1.5.1-cp313-cp313-win_amd64.whl (70 kB)
Downloading locket-1.0.0-py2.py3-none-any.whl (4.4 kB)
Downloading msgpack-1.2.2-cp313-cp313-win_amd64.whl (72 kB)
Downloading narwhals-2.25.0-py3-none-any.whl (467 kB)
Using cached packaging-26.3-py3-none-any.whl (129 kB)
Downloading partd-1.4.2-py3-none-any.whl (18 kB)
Downloading psutil-7.2.2-cp37-abi3-win_amd64.whl (137 kB)
Using cached pyasn1_modules-0.4.2-py3-none-any.whl (181 kB)
Downloading pyasn1-0.6.4-py3-none-any.whl (84 kB)
Downloading pyogrio-0.13.0-cp311-abi3-win_amd64.whl (23.8 MB)
   ---------------------------------------- 23.8/23.8 MB 783.4 kB/s  0:00:30
Using cached pyparsing-3.3.2-py3-none-any.whl (122 kB)
Using cached pyshp-3.1.6-py3-none-any.whl (73 kB)
Using cached python_dateutil-2.9.0.post0-py2.py3-none-any.whl (229 kB)
Downloading scipy-1.18.1-cp313-cp313-win_amd64.whl (36.6 MB)
   ---------------------------------------- 36.6/36.6 MB 831.2 kB/s  0:00:43
Downloading sentry_sdk-2.68.1-py3-none-any.whl (520 kB)
Using cached six-1.17.0-py2.py3-none-any.whl (11 kB)
Downloading sortedcontainers-2.4.0-py2.py3-none-any.whl (29 kB)
Downloading tblib-3.2.2-py3-none-any.whl (12 kB)
Downloading threadpoolctl-3.6.0-py3-none-any.whl (18 kB)
Downloading toolz-1.1.0-py3-none-any.whl (58 kB)
Downloading tornado-6.5.8-cp39-abi3-win_amd64.whl (452 kB)
Downloading typing_inspect-0.9.0-py3-none-any.whl (8.8 kB)
Downloading mypy_extensions-1.1.0-py3-none-any.whl (5.0 kB)
Downloading typing_inspection-0.4.4-py3-none-any.whl (14 kB)
Downloading xxhash-4.0.1-cp313-cp313-win_amd64.whl (36 kB)
Downloading zict-3.0.0-py2.py3-none-any.whl (43 kB)
Downloading cftime-1.6.5-cp313-cp313-win_amd64.whl (465 kB)
Using cached colorama-0.4.6-py2.py3-none-any.whl (25 kB)
Downloading geopy-2.5.0-py3-none-any.whl (114 kB)
Downloading geographiclib-2.1-py3-none-any.whl (40 kB)
Downloading mercantile-1.2.1-py3-none-any.whl (14 kB)
Downloading numba-0.67.0-cp313-cp313-win_amd64.whl (2.8 MB)
   ---------------------------------------- 2.8/2.8 MB 819.1 kB/s  0:00:03
Downloading llvmlite-0.49.0-cp313-cp313-win_amd64.whl (41.9 MB)
   ---------------------------------------- 41.9/41.9 MB 831.9 kB/s  0:00:49
Downloading platformdirs-4.11.7-py3-none-any.whl (23 kB)
Using cached pycparser-3.0-py3-none-any.whl (48 kB)
Downloading rasterio-1.5.1-cp313-cp313-win_amd64.whl (30.6 MB)
   ---------------------------------------- 30.6/30.6 MB 761.6 kB/s  0:00:40
Downloading affine-3.0.1-py3-none-any.whl (10 kB)
Using cached attrs-26.1.0-py3-none-any.whl (67 kB)
Downloading retrying-1.4.2-py3-none-any.whl (10 kB)
Downloading typeguard-4.6.0-py3-none-any.whl (36 kB)
Using cached tzdata-2026.3-py2.py3-none-any.whl (348 kB)
Downloading xyzservices-2026.9.1-py3-none-any.whl (98 kB)
Building wheels for collected packages: suncalc
  Building wheel for suncalc (pyproject.toml): started
  Building wheel for suncalc (pyproject.toml): finished with status 'done'
  Created wheel for suncalc: filename=suncalc-0.1.3-py3-none-any.whl size=10386 sha256=8dbd73a2674031da7cf626fd8f30abd9534f4526fb585731382600ea90a78dbf
  Stored in directory: c:\users\hyper\appdata\local\pip\cache\wheels\c5\20\aa\4ccaaee832bd9239bb6a30920f2e197f79dd5f610bdcf8cea9
Successfully built suncalc
Installing collected packages: sortedcontainers, zict, xyzservices, xxhash, urllib3, tzdata, typing-inspection, typeguard, tornado, toolz, threadpoolctl, tblib, smmap, six, retrying, pyyaml, pyshp, pyparsing, pydantic-core, pycparser, pyasn1, pyarrow, psutil, protobuf, platformdirs, pillow, packaging, opentelemetry-api, numpy, narwhals, mypy-extensions, msgpack, locket, llvmlite, kiwisolver, idna, google-crc32c, geographiclib, fonttools, cycler, colorama, cloudpickle, click, charset_normalizer, certifi, attrs, annotated-types, typing_inspect, tqdm, suncalc, shapely, sentry-sdk, scipy, requests, python-dateutil, pyproj, pyogrio, pydantic, pyasn1-modules, proto-plus, partd, numba, mercantile, joblib, googleapis-common-protos, google-resumable-media, gitdb, geopy, contourpy, cftime, cffi, affine, wandb, scikit-learn, rasterio, pandera, pandas, netCDF4, matplotlib, gitpython, dask, cryptography, spatialpandas, seaborn, google-auth, geopandas, distributed, contextily, cartopy, google-api-core, google-cloud-core, google-cloud-storage

Successfully installed affine-3.0.1 annotated-types-0.8.0 attrs-26.1.0 cartopy-0.25.0 certifi-2026.7.22 cffi-2.1.1 cftime-1.6.5 charset_normalizer-3.5.1 click-8.5.0 cloudpickle-3.1.2 colorama-0.4.6 contextily-1.7.1 contourpy-1.3.3 cryptography-50.0.1 cycler-0.12.1 dask-2026.8.0 distributed-2026.8.0 fonttools-4.64.0 geographiclib-2.1 geopandas-1.1.4 geopy-2.5.0 gitdb-4.0.12 gitpython-3.1.61 google-api-core-2.36.0 google-auth-2.57.1 google-cloud-core-2.7.0 google-cloud-storage-3.13.1 google-crc32c-1.8.0 google-resumable-media-2.10.2 googleapis-common-protos-1.75.3 idna-3.19 joblib-1.6.0 kiwisolver-1.5.1 llvmlite-0.49.0 locket-1.0.0 matplotlib-3.11.1 mercantile-1.2.1 msgpack-1.2.2 mypy-extensions-1.1.0 narwhals-2.25.0 netCDF4-1.7.4 numba-0.67.0 numpy-2.5.2 opentelemetry-api-1.44.0 packaging-26.3 pandas-3.0.5 pandera-0.33.1 partd-1.4.2 pillow-12.3.0 platformdirs-4.11.7 proto-plus-1.28.4 protobuf-7.36.1 psutil-7.2.2 pyarrow-25.0.1 pyasn1-0.6.4 pyasn1-modules-0.4.2 pycparser-3.0 pydantic-2.13.5 pydantic-core-2.46.5 pyogrio-0.13.0 pyparsing-3.3.2 pyproj-3.8.0 pyshp-3.1.6 python-dateutil-2.9.0.post0 pyyaml-6.0.3 rasterio-1.5.1 requests-2.34.2 retrying-1.4.2 scikit-learn-1.9.0 scipy-1.18.1 seaborn-0.13.2 sentry-sdk-2.68.1 shapely-2.1.2 six-1.17.0 smmap-5.0.3 sortedcontainers-2.4.0 spatialpandas-0.5.0 suncalc-0.1.3 tblib-3.2.2 threadpoolctl-3.6.0 toolz-1.1.0 tornado-6.5.8 tqdm-4.70.0 typeguard-4.6.0 typing-inspection-0.4.4 typing_inspect-0.9.0 tzdata-2026.3 urllib3-2.7.0 wandb-0.29.0 xxhash-4.0.1 xyzservices-2026.9.1 zict-3.0.0
